// Jest Snapshot v1, https://goo.gl/fbAQLP

exports[`Character snapshot 1`] = `
<View
  style={
    Array [
      Object {
        "flexBasis": 0,
        "flexGrow": 1,
        "flexShrink": 1,
      },
    ]
  }
>
  <View
    accessible={true}
    isTVSelectable={true}
    onResponderGrant={[Function]}
    onResponderMove={[Function]}
    onResponderRelease={[Function]}
    onResponderTerminate={[Function]}
    onResponderTerminationRequest={[Function]}
    onStartShouldSetResponder={[Function]}
    style={
      Object {
        "backgroundColor": "#1A3555",
        "borderRadius": 6,
        "flexBasis": 0,
        "flexGrow": 1,
        "marginBottom": 8,
        "marginLeft": 8,
        "marginRight": 8,
        "marginTop": 8,
        "opacity": 0.8,
        "paddingBottom": 8,
        "paddingLeft": 8,
        "paddingRight": 8,
        "paddingTop": 8,
      }
    }
  >
    <Image
      source={
        Object {
          "uri": "http://i.annihil.us/u/prod/marvel/i/mg/b/70/4c0035adc7d3a/standard_fantastic.jpg",
        }
      }
      style={
        Array [
          Object {
            "borderRadius": 6,
            "height": 200,
          },
        ]
      }
    />
    <Text
      style={
        Array [
          Object {
            "color": "#FFFFFF",
            "fontSize": 20,
            "marginBottom": 8,
            "marginTop": 16,
            "paddingHorizontal": 8,
          },
        ]
      }
    >
      Ajaxis
    </Text>
  </View>
  <View
    style={
      Array [
        Object {
          "position": "absolute",
          "right": 16,
          "top": 16,
        },
      ]
    }
  >
    <View
      accessible={true}
      isTVSelectable={true}
      onResponderGrant={[Function]}
      onResponderMove={[Function]}
      onResponderRelease={[Function]}
      onResponderTerminate={[Function]}
      onResponderTerminationRequest={[Function]}
      onStartShouldSetResponder={[Function]}
      style={
        Object {
          "opacity": 1,
          "paddingBottom": 12,
          "paddingLeft": 12,
          "paddingRight": 12,
          "paddingTop": 12,
        }
      }
    >
      <Image
        source={
          Object {
            "testUri": "../../../src/statics/images/icon_favorite_border.png",
          }
        }
        style={
          Array [
            Object {},
          ]
        }
      />
    </View>
  </View>
</View>
`;
