// Jest Snapshot v1, https://goo.gl/fbAQLP

exports[`Links Links snapshot 1`] = `
<View
  style={
    Array [
      Object {
        "flexBasis": 0,
        "flexDirection": "row",
        "flexGrow": 1,
        "flexShrink": 1,
        "marginBottom": 16,
        "marginLeft": 16,
        "marginRight": 16,
        "marginTop": 16,
      },
    ]
  }
>
  <View
    accessible={true}
    isTVSelectable={true}
    onResponderGrant={[Function]}
    onResponderMove={[Function]}
    onResponderRelease={[Function]}
    onResponderTerminate={[Function]}
    onResponderTerminationRequest={[Function]}
    onStartShouldSetResponder={[Function]}
    style={
      Object {
        "alignItems": "center",
        "backgroundColor": "#D6242A",
        "borderRadius": 6,
        "height": 30,
        "justifyContent": "center",
        "marginHorizontal": 8,
        "opacity": 1,
        "paddingHorizontal": 8,
        "paddingVertical": 4,
      }
    }
  >
    <Text
      style={
        Array [
          Object {
            "fontSize": 20,
            "fontWeight": "500",
            "textAlign": "center",
          },
        ]
      }
    >
      detail
    </Text>
  </View>
  <View
    accessible={true}
    isTVSelectable={true}
    onResponderGrant={[Function]}
    onResponderMove={[Function]}
    onResponderRelease={[Function]}
    onResponderTerminate={[Function]}
    onResponderTerminationRequest={[Function]}
    onStartShouldSetResponder={[Function]}
    style={
      Object {
        "alignItems": "center",
        "backgroundColor": "#D6242A",
        "borderRadius": 6,
        "height": 30,
        "justifyContent": "center",
        "marginHorizontal": 8,
        "opacity": 1,
        "paddingHorizontal": 8,
        "paddingVertical": 4,
      }
    }
  >
    <Text
      style={
        Array [
          Object {
            "fontSize": 20,
            "fontWeight": "500",
            "textAlign": "center",
          },
        ]
      }
    >
      wiki
    </Text>
  </View>
  <View
    accessible={true}
    isTVSelectable={true}
    onResponderGrant={[Function]}
    onResponderMove={[Function]}
    onResponderRelease={[Function]}
    onResponderTerminate={[Function]}
    onResponderTerminationRequest={[Function]}
    onStartShouldSetResponder={[Function]}
    style={
      Object {
        "alignItems": "center",
        "backgroundColor": "#D6242A",
        "borderRadius": 6,
        "height": 30,
        "justifyContent": "center",
        "marginHorizontal": 8,
        "opacity": 1,
        "paddingHorizontal": 8,
        "paddingVertical": 4,
      }
    }
  >
    <Text
      style={
        Array [
          Object {
            "fontSize": 20,
            "fontWeight": "500",
            "textAlign": "center",
          },
        ]
      }
    >
      comiclink
    </Text>
  </View>
</View>
`;

exports[`Links snapshot 1`] = `
<View
  style={
    Array [
      Object {
        "flexBasis": 0,
        "flexDirection": "row",
        "flexGrow": 1,
        "flexShrink": 1,
        "marginBottom": 16,
        "marginLeft": 16,
        "marginRight": 16,
        "marginTop": 16,
      },
    ]
  }
>
  <View
    accessible={true}
    isTVSelectable={true}
    onResponderGrant={[Function]}
    onResponderMove={[Function]}
    onResponderRelease={[Function]}
    onResponderTerminate={[Function]}
    onResponderTerminationRequest={[Function]}
    onStartShouldSetResponder={[Function]}
    style={
      Object {
        "alignItems": "center",
        "backgroundColor": "#D6242A",
        "borderRadius": 6,
        "height": 30,
        "justifyContent": "center",
        "marginHorizontal": 8,
        "opacity": 1,
        "paddingHorizontal": 8,
        "paddingVertical": 4,
      }
    }
  >
    <Text
      style={
        Array [
          Object {
            "fontSize": 20,
            "fontWeight": "500",
            "textAlign": "center",
          },
        ]
      }
    >
      detail
    </Text>
  </View>
  <View
    accessible={true}
    isTVSelectable={true}
    onResponderGrant={[Function]}
    onResponderMove={[Function]}
    onResponderRelease={[Function]}
    onResponderTerminate={[Function]}
    onResponderTerminationRequest={[Function]}
    onStartShouldSetResponder={[Function]}
    style={
      Object {
        "alignItems": "center",
        "backgroundColor": "#D6242A",
        "borderRadius": 6,
        "height": 30,
        "justifyContent": "center",
        "marginHorizontal": 8,
        "opacity": 1,
        "paddingHorizontal": 8,
        "paddingVertical": 4,
      }
    }
  >
    <Text
      style={
        Array [
          Object {
            "fontSize": 20,
            "fontWeight": "500",
            "textAlign": "center",
          },
        ]
      }
    >
      wiki
    </Text>
  </View>
  <View
    accessible={true}
    isTVSelectable={true}
    onResponderGrant={[Function]}
    onResponderMove={[Function]}
    onResponderRelease={[Function]}
    onResponderTerminate={[Function]}
    onResponderTerminationRequest={[Function]}
    onStartShouldSetResponder={[Function]}
    style={
      Object {
        "alignItems": "center",
        "backgroundColor": "#D6242A",
        "borderRadius": 6,
        "height": 30,
        "justifyContent": "center",
        "marginHorizontal": 8,
        "opacity": 1,
        "paddingHorizontal": 8,
        "paddingVertical": 4,
      }
    }
  >
    <Text
      style={
        Array [
          Object {
            "fontSize": 20,
            "fontWeight": "500",
            "textAlign": "center",
          },
        ]
      }
    >
      comiclink
    </Text>
  </View>
</View>
`;
