// Jest Snapshot v1, https://goo.gl/fbAQLP

exports[`renders Details 1`] = `
<View
  accessibilityIgnoresInvertColors={true}
  style={
    Array [
      Object {
        "height": "100%",
        "width": "100%",
      },
    ]
  }
>
  <Image
    source={
      Object {
        "testUri": "../../../src/statics/images/background.jpg",
      }
    }
    style={
      Array [
        Object {
          "bottom": 0,
          "left": 0,
          "position": "absolute",
          "right": 0,
          "top": 0,
        },
        Object {
          "height": undefined,
          "width": undefined,
        },
        undefined,
      ]
    }
  />
  <ActivityIndicator
    animating={true}
    color="#999999"
    hidesWhenStopped={true}
    size="small"
  />
</View>
`;
